// Jest Snapshot v1, https://goo.gl/fbAQLP

exports[`<Header> it matches with the previous snapshot 1`] = `
.emotion-2 {
  display: grid;
  grid-template-columns: 1fr;
  grid-template-rows: auto auto;
  grid-template-areas: 'name' 'title';
  -webkit-align-content: center;
  -ms-flex-line-pack: center;
  align-content: center;
  width: 100%;
  height: 100vh;
}

.emotion-0 {
  display: block;
  line-height: 1;
  color: #fff;
  font-family: Rubik;
  -webkit-font-smoothing: antialiased;
  font-size: 96px;
  font-weight: 700;
  font-style: normal;
  grid-area: name;
  margin-bottom: 16px;
}

.emotion-1 {
  display: block;
  line-height: 1;
  color: #fff;
  font-family: Rubik;
  -webkit-font-smoothing: antialiased;
  font-size: 48px;
  font-weight: 700;
  font-style: normal;
  grid-area: title;
}

<header
  className="amsterdam emotion-2"
>
  <span
    className="emotion-0"
  >
    MITCH GRASSI
  </span>
  <span
    className="emotion-1"
  >
    tenor lead and backing vocals
  </span>
</header>
`;
