// Jest Snapshot v1, https://goo.gl/fbAQLP

exports[`<Counter> it matches with the previous snapshot 1`] = `
<div>
  count: 
  5
  <button
    onClick={[Function]}
  >
    increment
  </button>
  <button
    onClick={[Function]}
  >
    decrement
  </button>
</div>
`;
